============================= test session starts =============================
platform win32 -- Python 3.13.2, pytest-9.0.2, pluggy-1.6.0
rootdir: H:\Coding\Agent WS\snabb-mobile\backend
plugins: anyio-4.12.0
collected 1 item

test_100_users.py 
Registering 100 users...
100 users registered and logged in successfully.
Creating 20 asks...
20 asks created successfully.
80 users responding to ask 1...
Response error: {'error': {'message': 'Validation failed', 'status_code': 422, 'path': '/responses/asks/1/responses', 'details': [{'field': 'body.message', 'message': 'Field required', 'type': 'missing'}]}}
F

================================== FAILURES ===================================
_____________________________ test_100_users_load _____________________________

    def test_100_users_load():
        users = []
        tokens = []
        print("\nRegistering 100 users...")
        for i in range(100):
            user_data = {
                "username": f"user_{i}",
                "email": f"user_{i}@example.com",
                "password": "password123",
                "phone_number": f"+1000000{i:03d}",
                "location": f"City_{i%10}"
            }
            # Register
            resp = client.post("/auth/register", json=user_data)
            if resp.status_code != 201:
                print("Register error:", resp.json())
            assert resp.status_code == 201
    
            # Login
            resp_login = client.post("/auth/login", data={"username": user_data["username"], "password": user_data["password"]})
            if resp_login.status_code != 200:
                print("Login error:", resp_login.json())
            assert resp_login.status_code == 200
            token = resp_login.json()["access_token"]
    
            users.append(resp.json())
            tokens.append(token)
    
        print("100 users registered and logged in successfully.")
    
        # 20 users create an Ask
        ask_ids = []
        print("Creating 20 asks...")
        for i in range(20):
            token = tokens[i]
            headers = {"Authorization": f"Bearer {token}"}
            ask_payload = {
                "title": f"Need help with task {i}",
                "description": f"Description for task {i}",
                "category": "general",
                "location": "Some location",
                "latitude": 40.0 + i*0.1,
                "longitude": -74.0 + i*0.1,
                "date_needed": "2026-03-10",
                "time_needed": "Morning",
                "budget_min": 50,
                "budget_max": 200,
                "status": "open"
            }
            resp_ask = client.post("/asks/", json=ask_payload, headers=headers)
            if resp_ask.status_code != 201:
                print("Ask error:", resp_ask.json())
            assert resp_ask.status_code == 201
            ask_ids.append(resp_ask.json()["id"])
    
        print("20 asks created successfully.")
    
        # 80 other users respond to the first ask
        print("80 users responding to ask 1...")
        ask_id = ask_ids[0]
        for i in range(20, 100):
            token = tokens[i]
            headers = {"Authorization": f"Bearer {token}"}
            resp_payload = {
                "content": f"I can help you with this! (User {i})",
                "price": 100 + i
            }
            resp_res = client.post(f"/responses/asks/{ask_id}/responses", json=resp_payload, headers=headers)
            if resp_res.status_code != 201:
                print("Response error:", resp_res.json())
>           assert resp_res.status_code == 201
E           assert 422 == 201
E            +  where 422 = <Response [422 Unprocessable Entity]>.status_code

test_100_users.py:107: AssertionError
------------------------------ Captured log call ------------------------------
WARNING  app.middleware.error_handler:error_handler.py:52 Validation Error: POST /responses/asks/1/responses - 1 errors
============================== warnings summary ===============================
app\database.py:12
  H:\Coding\Agent WS\snabb-mobile\backend\app\database.py:12: MovedIn20Warning: The ``declarative_base()`` function is now available as sqlalchemy.orm.declarative_base(). (deprecated since: 2.0) (Background on SQLAlchemy 2.0 at: https://sqlalche.me/e/b8d9)
    Base = declarative_base()

venv\Lib\site-packages\pydantic\_internal\_config.py:295
venv\Lib\site-packages\pydantic\_internal\_config.py:295
venv\Lib\site-packages\pydantic\_internal\_config.py:295
venv\Lib\site-packages\pydantic\_internal\_config.py:295
venv\Lib\site-packages\pydantic\_internal\_config.py:295
venv\Lib\site-packages\pydantic\_internal\_config.py:295
venv\Lib\site-packages\pydantic\_internal\_config.py:295
  H:\Coding\Agent WS\snabb-mobile\backend\venv\Lib\site-packages\pydantic\_internal\_config.py:295: PydanticDeprecatedSince20: Support for class-based `config` is deprecated, use ConfigDict instead. Deprecated in Pydantic V2.0 to be removed in V3.0. See Pydantic V2 Migration Guide at https://errors.pydantic.dev/2.10/migration/
    warnings.warn(DEPRECATION_MESSAGE, DeprecationWarning)

app\main.py:65
  H:\Coding\Agent WS\snabb-mobile\backend\app\main.py:65: DeprecationWarning: 
          on_event is deprecated, use lifespan event handlers instead.
  
          Read more about it in the
          [FastAPI docs for Lifespan Events](https://fastapi.tiangolo.com/advanced/events/).
          
    @app.on_event("startup")

venv\Lib\site-packages\fastapi\applications.py:4495
venv\Lib\site-packages\fastapi\applications.py:4495
  H:\Coding\Agent WS\snabb-mobile\backend\venv\Lib\site-packages\fastapi\applications.py:4495: DeprecationWarning: 
          on_event is deprecated, use lifespan event handlers instead.
  
          Read more about it in the
          [FastAPI docs for Lifespan Events](https://fastapi.tiangolo.com/advanced/events/).
          
    return self.router.on_event(event_type)

app\main.py:74
  H:\Coding\Agent WS\snabb-mobile\backend\app\main.py:74: DeprecationWarning: 
          on_event is deprecated, use lifespan event handlers instead.
  
          Read more about it in the
          [FastAPI docs for Lifespan Events](https://fastapi.tiangolo.com/advanced/events/).
          
    @app.on_event("shutdown")

test_100_users.py: 120 warnings
  H:\Coding\Agent WS\snabb-mobile\backend\venv\Lib\site-packages\sqlalchemy\sql\schema.py:3596: DeprecationWarning: datetime.datetime.utcnow() is deprecated and scheduled for removal in a future version. Use timezone-aware objects to represent datetimes in UTC: datetime.datetime.now(datetime.UTC).
    return util.wrap_callable(lambda ctx: fn(), fn)  # type: ignore

test_100_users.py: 100 warnings
  H:\Coding\Agent WS\snabb-mobile\backend\app\auth.py:46: DeprecationWarning: datetime.datetime.utcnow() is deprecated and scheduled for removal in a future version. Use timezone-aware objects to represent datetimes in UTC: datetime.datetime.now(datetime.UTC).
    expire = datetime.utcnow() + expires_delta

test_100_users.py: 21 warnings
  H:\Coding\Agent WS\snabb-mobile\backend\venv\Lib\site-packages\jose\jwt.py:311: DeprecationWarning: datetime.datetime.utcnow() is deprecated and scheduled for removal in a future version. Use timezone-aware objects to represent datetimes in UTC: datetime.datetime.now(datetime.UTC).
    now = timegm(datetime.utcnow().utctimetuple())

test_100_users.py: 20 warnings
  H:\Coding\Agent WS\snabb-mobile\backend\app\routers\asks.py:147: PydanticDeprecatedSince20: The `dict` method is deprecated; use `model_dump` instead. Deprecated in Pydantic V2.0 to be removed in V3.0. See Pydantic V2 Migration Guide at https://errors.pydantic.dev/2.10/migration/
    db_ask = models.Ask(**ask.dict(), user_id=current_user.id)

-- Docs: https://docs.pytest.org/en/stable/how-to/capture-warnings.html
=========================== short test summary info ===========================
FAILED test_100_users.py::test_100_users_load - assert 422 == 201
================= 1 failed, 273 warnings in 71.30s (0:01:11) ==================
